// Jest Snapshot v1, https://goo.gl/fbAQLP

exports[`<ProductActionBar /> renders the component as expected 1`] = `undefined`;
