// Jest Snapshot v1, https://goo.gl/fbAQLP

exports[`<ProductsListView /> renders the smart component as expected 1`] = `
ShallowWrapper {
  "length": 1,
  Symbol(enzyme.__root__): [Circular],
  Symbol(enzyme.__unrendered__): <Connect(ProductListView)
    store={
      Object {
        "clearActions": [Function],
        "dispatch": [Function],
        "getActions": [Function],
        "getState": [Function],
        "replaceReducer": [Function],
        "subscribe": [Function],
      }
    }
  />,
  Symbol(enzyme.__renderer__): Object {
    "batchedUpdates": [Function],
    "getNode": [Function],
    "render": [Function],
    "simulateEvent": [Function],
    "unmount": [Function],
  },
  Symbol(enzyme.__node__): Object {
    "instance": null,
    "key": undefined,
    "nodeType": "function",
    "props": Object {
      "actions": Object {
        "filterProducts": [Function],
        "searchTermChange": [Function],
        "selectProduct": [Function],
      },
      "filteredProducts": undefined,
      "products": undefined,
      "searchTerm": undefined,
      "store": Object {
        "clearActions": [Function],
        "dispatch": [Function],
        "getActions": [Function],
        "getState": [Function],
        "replaceReducer": [Function],
        "subscribe": [Function],
      },
      "storeSubscription": Subscription {
        "listeners": Object {
          "clear": [Function],
          "get": [Function],
          "notify": [Function],
          "subscribe": [Function],
        },
        "onStateChange": [Function],
        "parentSub": undefined,
        "store": Object {
          "clearActions": [Function],
          "dispatch": [Function],
          "getActions": [Function],
          "getState": [Function],
          "replaceReducer": [Function],
          "subscribe": [Function],
        },
        "unsubscribe": [Function],
      },
    },
    "ref": null,
    "rendered": null,
    "type": [Function],
  },
  Symbol(enzyme.__nodes__): Array [
    Object {
      "instance": null,
      "key": undefined,
      "nodeType": "function",
      "props": Object {
        "actions": Object {
          "filterProducts": [Function],
          "searchTermChange": [Function],
          "selectProduct": [Function],
        },
        "filteredProducts": undefined,
        "products": undefined,
        "searchTerm": undefined,
        "store": Object {
          "clearActions": [Function],
          "dispatch": [Function],
          "getActions": [Function],
          "getState": [Function],
          "replaceReducer": [Function],
          "subscribe": [Function],
        },
        "storeSubscription": Subscription {
          "listeners": Object {
            "clear": [Function],
            "get": [Function],
            "notify": [Function],
            "subscribe": [Function],
          },
          "onStateChange": [Function],
          "parentSub": undefined,
          "store": Object {
            "clearActions": [Function],
            "dispatch": [Function],
            "getActions": [Function],
            "getState": [Function],
            "replaceReducer": [Function],
            "subscribe": [Function],
          },
          "unsubscribe": [Function],
        },
      },
      "ref": null,
      "rendered": null,
      "type": [Function],
    },
  ],
  Symbol(enzyme.__options__): Object {
    "adapter": ReactSixteenAdapter {
      "options": Object {
        "enableComponentDidUpdateOnSetState": true,
      },
    },
  },
}
`;
